npm warn Unknown env config "http-proxy". This will stop working in the next major version of npm.

> PuPu@0.1.12 test
> react-scripts test --watchAll=false --runInBand src/COMPONENTs/chat-bubble/trace_chain.grouping.test.js

FAIL src/COMPONENTs/chat-bubble/trace_chain.grouping.test.js
  TraceChain consecutive tool grouping
    ✕ groups the real sequential legacy calls without hiding either observation (87 ms)

  ● TraceChain consecutive tool grouping › groups the real sequential legacy calls without hiding either observation

    TestingLibraryElementError: Unable to find an element with the text: ×2. This could be because the text is broken up by multiple elements. In this case, you can provide a function for your text matcher to make your matcher more flexible.

    Ignored nodes: comments, script, style
    [36m<body>[39m
      [36m<div>[39m
        [36m<div[39m
          [33mstyle[39m=[32m"margin-bottom: 10px; width: 100%; max-width: 100%; min-width: 0; box-sizing: border-box;"[39m
        [36m>[39m
          [36m<div[39m
            [33mstyle[39m=[32m"display: inline-flex; align-items: center; gap: 5px; cursor: pointer; user-select: none; margin-bottom: 6px;"[39m
          [36m>[39m
            [36m<span[39m
              [33mstyle[39m=[32m"font-size: 11.5px; color: rgb(34, 34, 34); opacity: 0.38; font-family: sans-serif; letter-spacing: 0.1px;"[39m
            [36m>[39m
              [0mUsed 2 steps[0m
            [36m</span>[39m
          [36m</div>[39m
          [36m<div[39m
            [33mstyle[39m=[32m"height: auto; overflow: visible; transition: height 0.28s cubic-bezier(0.32, 1, 0.32, 1); will-change: height;"[39m
          [36m>[39m
            [36m<div[39m
              [33mstyle[39m=[32m"padding-left: 2px; padding-bottom: 2px; width: 100%; max-width: 100%; min-width: 0; box-sizing: border-box;"[39m
            [36m>[39m
              [36m<div[39m
                [33mstyle[39m=[32m"display: flex; flex-direction: column; width: 100%; max-width: 100%; min-width: 0; box-sizing: border-box; font-size: 13px;"[39m
              [36m>[39m
                [36m<div[39m
                  [33mstyle[39m=[32m"display: flex; flex-direction: row; align-items: stretch; min-width: 0; max-width: 100%;"[39m
                [36m>[39m
                  [36m<div[39m
                    [33mstyle[39m=[32m"width: 24px; flex-shrink: 0; position: relative;"[39m
                  [36m>[39m
                    [36m<div[39m
                      [33mstyle[39m=[32m"position: absolute; top: 3px; left: 50%; transform: translateX(-50%); display: flex; align-items: center; justify-content: center;"[39m
                    [36m>[39m
                      [36m<div[39m
                        [33mstyle[39m=[32m"width: 10px; height: 10px; border-radius: 50%; background: transparent; flex-shrink: 0; box-sizing: border-box;"[39m
                      [36m/>[39m
                    [36m</div>[39m
                    [36m<div[39m
                      [33mstyle[39m=[32m"position: absolute; top: 18px; left: 50%; transform: translateX(-50%); bottom: 0px; width: 1px; background: rgba(101, 196, 102, 0.85); transition: background 0.3s;"[39m
                    [36m/>[39m
                  [36m</div>[39m
                  [36m<div[39m
                    [33mstyle[39m=[32m"flex: 1; min-width: 0; padding-left: 14px; padding-bottom: 14px;"[39m
                  [36m>[39m
                    [36m<div[39m
                      [33mstyle[39m=[32m"display: flex; align-items: center; gap: 6px; line-height: 18px; width: 100%; min-width: 0; max-width: 100%; box-sizing: border-box;"[39m
                    [36m>[39m
                      [36m<span[39m
                        [33mstyle[39m=[32m"font-size: 14px; font-weight: 500; color: rgb(34, 34, 34); letter-spacing: 0.01em; user-select: none; flex: 0 1 auto; min-width: 0; max-width: 100%; overflow-wrap: anywhere;"[39m
                      [36m>[39m
                        [36m<span[39m
                          [33mstyle[39m=[32m"display: inline-flex; align-items: center; padding: 1px 7px; border-radius: 5px; font-family: Menlo, Monaco, Consolas, monospace; font-size: 0.82em; letter-spacing: 0.1px; user-select: none;"[39m
                        [36m>[39m
                          [0mread_file[0m
                        [36m</span>[39m
                      [36m</span>[39m
                      [36m<button[39m
                        [33mstyle[39m=[32m"display: inline-flex; align-items: center; gap: 3px; padding: 0px; background: transparent; cursor: pointer; font-size: 11px; color: rgba(0, 0, 0, 0.35); font-family: Menlo, Monaco, Consolas, monospace; outline: none; user-select: none; flex-shrink: 0;"[39m
                      [36m>[39m
                        [0mdetail[0m
                      [36m</button>[39m
                      [36m<span[39m
                        [33mstyle[39m=[32m"flex: 1 1 0px; min-width: 0;"[39m
                      [36m/>[39m
                    [36m</div>[39m
                    [36m<div[39m
                      [33mstyle[39m=[32m"height: 0px; overflow: hidden; transition: height 0.28s cubic-bezier(0.32, 1, 0.32, 1); will-change: height;"[39m
                    [36m>[39m
                      [36m<div[39m
                        [33mstyle[39m=[32m"margin-top: 5px; width: 100%; padding: 8px 0px 8px 10px; border-radius: 8px; background: rgba(0, 0, 0, 0.025); font-size: 13px; color: rgba(0, 0, 0, 0.45); min-width: 0; max-width: 100%; box-sizing: border-box;"[39m
                      [36m>[39m
                        [36m<div[39m
                          [33mstyle[39m=[32m"display: flex; flex-direction: column; gap: 2px; width: 100%; max-width: 100%; min-width: 0;"[39m
                        [36m>[39m
                          [36m<div>[39m
                            [36m<div[39m
                              [33mstyle[39m=[32m"display: flex; gap: 10px; align-items: flex-start; min-height: 18px; min-width: 0; max-width: 100%;"[39m
                            [36m>[39m
                              [36m<span[39m
                                [33mstyle[39m=[32m"font-family: Menlo, Monaco, Consolas, monospace; font-size: 10.5px; color: rgb(34, 34, 34); opacity: 0.3; flex-shrink: 0; min-width: 52px; padding-top: 1px; user-select: none;"[39m
                              [36m>[39m
                                [0mtook[0m
                              [36m</span>[39m
                              [36m<span[39m
                                [33mstyle[39m=[32m"font-family: Menlo, Monaco, Consolas, monospace; font-size: 10.5px; color: rgb(34, 34, 34); opacity: 0.68; white-space: pre-wrap; overflow-wrap: anywhere; word-break: break-all; line-height: 1.58; flex: 1 1 auto; min-width: 0; max-width: 100%;"[39m
                              [36m>[39m
                                [0m0ms[0m
                              [36m</span>[39m
                            [36m</div>[39m
                          [36m</div>[39m
                          [36m<div>[39m
                            [36m<div[39m
                              [33mstyle[39m=[32m"font-size: 9px; letter-spacing: 0.9px; text-transform: uppercase; color: rgb(34, 34, 34); opacity: 0.28; font-family: Menlo, Monaco, Consolas, monospace; margin-bottom: 3px; margin-top: 7px; user-select: none;"[39m
                            [36m>[39m
                              [0margs[0m
                            [36m</div>[39m
                            [36m<div[39m
                              [33mstyle[39m=[32m"display: flex; gap: 10px; align-items: flex-start; min-height: 18px; min-width: 0; max-width: 100%;"[39m
                            [36m>[39m
                              [36m<span[39m
                                [33mstyle[39m=[32m"font-family: Menlo, Monaco, Consolas, monospace; font-size: 10.5px; color: rgb(34, 34, 34); opacity: 0.3; flex-shrink: 0; min-width: 52px; padding-top: 1px; user-select: none;"[39m
         ...

      21 |     );
      22 |
    > 23 |     expect(screen.getByText("×2")).toBeInTheDocument();
         |                   ^
      24 |     expect(screen.getAllByText("Observation")).toHaveLength(2);
      25 |
      26 |     screen.getAllByRole("button").forEach((button) => {

      at Object.getElementError (node_modules/@testing-library/dom/dist/config.js:37:19)
      at node_modules/@testing-library/dom/dist/query-helpers.js:76:38
      at node_modules/@testing-library/dom/dist/query-helpers.js:52:17
      at getByText (node_modules/@testing-library/dom/dist/query-helpers.js:95:19)
      at Object.<anonymous> (src/COMPONENTs/chat-bubble/trace_chain.grouping.test.js:23:19)
      at TestScheduler.scheduleTests (node_modules/@jest/core/build/TestScheduler.js:333:13)
      at runJest (node_modules/@jest/core/build/runJest.js:404:19)
      at _run10000 (node_modules/@jest/core/build/cli/index.js:320:7)
      at runCLI (node_modules/@jest/core/build/cli/index.js:173:3)

Test Suites: 1 failed, 1 total
Tests:       1 failed, 1 total
Snapshots:   0 total
Time:        0.745 s, estimated 3 s
Ran all test suites matching /src\/COMPONENTs\/chat-bubble\/trace_chain.grouping.test.js/i.
