npm warn Unknown env config "http-proxy". This will stop working in the next major version of npm.

> PuPu@0.1.12 test
> react-scripts test --watchAll=false --runInBand --runTestsByPath src/COMPONENTs/chat-bubble/trace_tool_grouping.test.js src/COMPONENTs/chat-bubble/trace_chain.grouping.test.js src/COMPONENTs/chat-bubble/trace_chain.grouping_parity.test.js src/COMPONENTs/chat-bubble/trace_chain.test.js src/COMPONENTs/chat-bubble/lazy_trace_chain.test.js src/COMPONENTs/chat-bubble/trace_chain.provider_retry.test.js src/COMPONENTs/chat-bubble/trace_chain.live_subscription.test.js src/SERVICEs/runtime_events/event_store.test.js src/SERVICEs/runtime_events/stream_replay_projector.test.js src/SERVICEs/runtime_events/trace_chain_adapter.test.js src/SERVICEs/chat_storage.selection.test.js src/SERVICEs/chat_storage.subagent_persistence.test.js src/SERVICEs/chat_storage/chat_storage_coalesce.test.js src/COMPONENTs/ui-testing/runners/trace_chain_runner.provider_retry.test.js src/COMPONENTs/ui-testing/runners/trace_chain_runner.provider_retry_stop.test.js src/COMPONENTs/chat-bubble/pending_confirmation_trace_frames.test.js src/SERVICEs/chat_storage/chat_storage_memory_v2_trace.test.js --json --outputFile=/tmp/pupu-383-final-ci-focused.json

PASS src/COMPONENTs/chat-bubble/trace_chain.grouping_parity.test.js
PASS src/COMPONENTs/chat-bubble/trace_chain.test.js
PASS src/COMPONENTs/chat-bubble/trace_chain.grouping.test.js
PASS src/COMPONENTs/chat-bubble/trace_chain.provider_retry.test.js
PASS src/COMPONENTs/ui-testing/runners/trace_chain_runner.provider_retry_stop.test.js
PASS src/SERVICEs/chat_storage/chat_storage_coalesce.test.js
PASS src/COMPONENTs/ui-testing/runners/trace_chain_runner.provider_retry.test.js
PASS src/COMPONENTs/chat-bubble/trace_chain.live_subscription.test.js
PASS src/COMPONENTs/chat-bubble/lazy_trace_chain.test.js
PASS src/SERVICEs/chat_storage.selection.test.js
PASS src/COMPONENTs/chat-bubble/trace_tool_grouping.test.js
PASS src/SERVICEs/chat_storage/chat_storage_memory_v2_trace.test.js
PASS src/SERVICEs/runtime_events/trace_chain_adapter.test.js
PASS src/SERVICEs/runtime_events/event_store.test.js
PASS src/SERVICEs/chat_storage.subagent_persistence.test.js
PASS src/COMPONENTs/chat-bubble/pending_confirmation_trace_frames.test.js
PASS src/SERVICEs/runtime_events/stream_replay_projector.test.js

Test Suites: 17 passed, 17 total
Tests:       152 passed, 152 total
Snapshots:   0 total
Time:        4.937 s
Ran all test suites within paths "src/COMPONENTs/chat-bubble/trace_tool_grouping.test.js", "src/COMPONENTs/chat-bubble/trace_chain.grouping.test.js", "src/COMPONENTs/chat-bubble/trace_chain.grouping_parity.test.js", "src/COMPONENTs/chat-bubble/trace_chain.test.js", "src/COMPONENTs/chat-bubble/lazy_trace_chain.test.js", "src/COMPONENTs/chat-bubble/trace_chain.provider_retry.test.js", "src/COMPONENTs/chat-bubble/trace_chain.live_subscription.test.js", "src/SERVICEs/runtime_events/event_store.test.js", "src/SERVICEs/runtime_events/stream_replay_projector.test.js", "src/SERVICEs/runtime_events/trace_chain_adapter.test.js", "src/SERVICEs/chat_storage.selection.test.js", "src/SERVICEs/chat_storage.subagent_persistence.test.js", "src/SERVICEs/chat_storage/chat_storage_coalesce.test.js", "src/COMPONENTs/ui-testing/runners/trace_chain_runner.provider_retry.test.js", "src/COMPONENTs/ui-testing/runners/trace_chain_runner.provider_retry_stop.test.js", "src/COMPONENTs/chat-bubble/pending_confirmation_trace_frames.test.js", "src/SERVICEs/chat_storage/chat_storage_memory_v2_trace.test.js".
Test results written to: ../../../tmp/pupu-383-final-ci-focused.json
