
FIXED_RUNTIME_IMPORT_AUDIT_OK /Users/red/Desktop/GITRepo/pupu-226/.release-qa/ticket-226/venv/lib/python3.12/site-packages/unchain/__init__.py
.................................................................. [  2%]
........................................................................ [  5%]
..........................ss............................................................................................... [ 10%]
........................................................................ [ 13%]
........................................................................ [ 16%]
..................................................................... [ 19%]
.................................................................. [ 22%]
...................................................................... [ 25%]
........................................................................ [ 28%]
................................................................ [ 31%]
................................................................s.. [ 33%]
......................................sssss................................................................................... [ 39%]
.................................................................................................................................................................. [ 45%]
.............................................................................................................................. [ 51%]
........................................................................ [ 54%]
........................................................................ [ 57%]
........................................................................ [ 60%]
........................................................................ [ 63%]
........................................................................ [ 66%]
..................................................................................................................................... [ 71%]
........................................................ [ 74%]
............................................................ [ 76%]
..................................................................... [ 79%]
............................................... [ 81%]
...................................................... [ 83%]
........................................................................ [ 86%]
...................................................................... [ 89%]
..................................................................................................... [ 93%]
........................................................................ [ 96%]
..........................s............................................ [ 99%]
......                                                                   [100%]
FIXED_RUNTIME_MODULE_AUDIT_OK

2390 passed, 9 skipped, 3583 subtests passed in 122.16s (0:02:02)
